мая 17, 2025 4:07:59 PM logs.GameLogger logInfo
INFO: Игра начата
мая 17, 2025 4:08:32 PM logs.GameLogger logInfo
INFO: Игра начата
мая 17, 2025 4:08:36 PM logs.GameLogger logInfo
INFO: Игра начата
мая 17, 2025 4:08:47 PM logs.GameLogger logInfo
INFO: Игра начата
мая 17, 2025 4:08:50 PM logs.GameLogger logWarning
WARNING: Пользователь ввёл неверный пункт меню.
мая 17, 2025 4:21:47 PM logs.GameLogger logInfo
INFO: Игра начата
мая 17, 2025 4:22:17 PM logs.GameLogger logInfo
INFO: Начало сражения
мая 17, 2025 4:25:51 PM logs.GameLogger logError
SEVERE: Ошибка при запуске игры: null
мая 17, 2025 4:26:40 PM logs.GameLogger logInfo
INFO: Игра начата
мая 17, 2025 4:27:33 PM logs.GameLogger logInfo
INFO: Игра начата
мая 17, 2025 4:27:50 PM logs.GameLogger logInfo
INFO: Начало сражения
мая 17, 2025 4:32:32 PM logs.GameLogger logInfo
INFO: Начало сражения
мая 20, 2025 5:43:04 PM logs.GameLogger logInfo
INFO: Игра начата
мая 20, 2025 5:43:16 PM logs.GameLogger logInfo
INFO: Начало сражения
мая 20, 2025 5:45:23 PM logs.GameLogger logInfo
INFO: Начало сражения
мая 20, 2025 6:19:49 PM logs.GameLogger logInfo
INFO: Игра начата
мая 20, 2025 6:20:14 PM logs.GameLogger logInfo
INFO: Игра начата
мая 20, 2025 6:20:24 PM logs.GameLogger logInfo
INFO: Начало сражения
мая 20, 2025 6:20:59 PM logs.GameLogger logInfo
INFO: Начало сражения
мая 20, 2025 6:20:59 PM logs.GameLogger logError
SEVERE: Ошибка в битве: Cannot invoke "java.util.List.iterator()" because "army" is null
мая 20, 2025 6:22:22 PM logs.GameLogger logInfo
INFO: Начало сражения
мая 20, 2025 6:22:22 PM logs.GameLogger logError
SEVERE: Ошибка в битве: Cannot invoke "java.util.List.iterator()" because "army" is null
мая 20, 2025 6:23:26 PM logs.GameLogger logInfo
INFO: Игра начата
мая 20, 2025 6:23:34 PM logs.GameLogger logInfo
INFO: Начало сражения
мая 20, 2025 6:23:51 PM logs.GameLogger logInfo
INFO: Начало сражения
мая 20, 2025 6:25:10 PM logs.GameLogger logInfo
INFO: Игра начата
мая 20, 2025 6:25:16 PM logs.GameLogger logInfo
INFO: Начало сражения
мая 20, 2025 6:25:34 PM logs.GameLogger logInfo
INFO: Начало сражения
мая 20, 2025 6:26:13 PM logs.GameLogger logInfo
INFO: Начало сражения
мая 20, 2025 6:57:07 PM logs.GameLogger logInfo
INFO: Игра начата
мая 20, 2025 7:02:19 PM logs.GameLogger logInfo
INFO: Игра начата
мая 20, 2025 7:03:15 PM logs.GameLogger logInfo
INFO: Игра начата
мая 20, 2025 7:15:24 PM logs.GameLogger logInfo
INFO: Игра начата
мая 20, 2025 7:15:47 PM logs.GameLogger logError
SEVERE: Ошибка при запуске игры: class java.util.HashMap cannot be cast to class laba_1.model.Player (java.util.HashMap is in module java.base of loader 'bootstrap'; laba_1.model.Player is in unnamed module of loader 'app')
мая 24, 2025 5:24:38 AM logs.GameLogger logInfo
INFO: Игра начата
мая 24, 2025 5:25:55 AM logs.GameLogger logInfo
INFO: Игра начата
мая 24, 2025 5:33:59 AM logs.GameLogger logInfo
INFO: Игра начата
мая 24, 2025 5:36:33 AM logs.GameLogger logInfo
INFO: Игра начата
мая 24, 2025 5:41:02 AM logs.GameLogger logInfo
INFO: Игра начата
мая 24, 2025 5:58:58 AM logs.GameLogger logInfo
INFO: Игра начата
мая 24, 2025 6:06:55 AM logs.GameLogger logInfo
INFO: Игра начата
мая 24, 2025 6:07:47 AM logs.GameLogger logInfo
INFO: Игра начата
мая 24, 2025 6:10:11 AM logs.GameLogger logInfo
INFO: Игра начата
мая 24, 2025 6:14:19 AM logs.GameLogger logInfo
INFO: Игра начата
мая 24, 2025 6:15:02 AM logs.GameLogger logInfo
INFO: Игра начата
мая 24, 2025 6:15:28 AM logs.GameLogger logInfo
INFO: Игра начата
мая 24, 2025 6:15:45 AM logs.GameLogger logInfo
INFO: Игра начата
мая 24, 2025 6:17:42 AM logs.GameLogger logInfo
INFO: Игра начата
мая 24, 2025 6:19:03 AM logs.GameLogger logInfo
INFO: Игра начата
мая 24, 2025 6:20:47 AM logs.GameLogger logInfo
INFO: Игра начата
мая 24, 2025 6:21:18 AM logs.GameLogger logInfo
INFO: Игра начата
мая 24, 2025 6:25:26 AM logs.GameLogger logInfo
INFO: Игра начата
мая 24, 2025 6:25:36 AM logs.GameLogger logInfo
INFO: Игра начата
мая 24, 2025 6:27:49 AM logs.GameLogger logInfo
INFO: Игра начата
мая 24, 2025 6:30:20 AM logs.GameLogger logInfo
INFO: Игра начата
мая 24, 2025 6:34:35 AM logs.GameLogger logInfo
INFO: Игра начата
мая 24, 2025 6:36:27 AM logs.GameLogger logInfo
INFO: Игра начата
мая 24, 2025 6:36:50 AM logs.GameLogger logInfo
INFO: Начало сражения
мая 24, 2025 6:37:26 AM logs.GameLogger logInfo
INFO: Начало сражения
мая 24, 2025 6:42:24 AM logs.GameLogger logInfo
INFO: Игра начата
мая 24, 2025 6:45:01 AM logs.GameLogger logInfo
INFO: Игра начата
мая 24, 2025 6:46:28 AM logs.GameLogger logInfo
INFO: Игра начата
мая 24, 2025 6:48:16 AM logs.GameLogger logInfo
INFO: Игра начата
мая 24, 2025 6:50:10 AM logs.GameLogger logInfo
INFO: Игра начата
мая 24, 2025 6:50:58 AM logs.GameLogger logInfo
INFO: Игра начата
мая 24, 2025 6:52:31 AM logs.GameLogger logInfo
INFO: Игра начата
мая 24, 2025 6:52:37 AM logs.GameLogger logInfo
INFO: Игра начата
мая 24, 2025 6:52:50 AM logs.GameLogger logInfo
INFO: Игра начата
мая 24, 2025 7:02:31 AM logs.GameLogger logInfo
INFO: Игра начата
мая 24, 2025 7:02:53 AM logs.GameLogger logInfo
INFO: Начало сражения
мая 24, 2025 7:06:31 AM logs.GameLogger logInfo
INFO: Игра начата
мая 24, 2025 7:06:48 AM logs.GameLogger logInfo
INFO: Начало сражения
мая 24, 2025 7:06:59 AM logs.GameLogger logError
SEVERE: Ошибка в битве: Index 43 out of bounds for length 8
мая 24, 2025 7:07:34 AM logs.GameLogger logInfo
INFO: Начало сражения
мая 24, 2025 7:09:50 AM logs.GameLogger logInfo
INFO: Начало сражения
мая 24, 2025 7:13:01 AM logs.GameLogger logInfo
INFO: Игра начата
мая 24, 2025 7:13:29 AM logs.GameLogger logWarning
WARNING: Пользователь ввёл неверный пункт меню.
мая 24, 2025 7:13:35 AM logs.GameLogger logInfo
INFO: Начало сражения
мая 24, 2025 7:19:46 AM logs.GameLogger logInfo
INFO: Игра начата
мая 24, 2025 7:20:15 AM logs.GameLogger logInfo
INFO: Начало сражения
мая 24, 2025 7:24:32 AM logs.GameLogger logInfo
INFO: Игра начата
мая 24, 2025 7:24:52 AM logs.GameLogger logError
SEVERE: Ошибка при запуске игры: Cannot invoke "java.util.List.iterator()" because "this.buildings" is null
мая 24, 2025 7:25:26 AM logs.GameLogger logInfo
INFO: Игра начата
мая 24, 2025 7:25:30 AM logs.GameLogger logError
SEVERE: Ошибка при запуске игры: Cannot invoke "java.util.List.iterator()" because "this.buildings" is null
мая 24, 2025 7:27:04 AM logs.GameLogger logInfo
INFO: Игра начата
мая 24, 2025 7:27:08 AM logs.GameLogger logError
SEVERE: Ошибка при запуске игры: Cannot invoke "java.util.List.iterator()" because "this.buildings" is null
мая 24, 2025 7:29:18 AM logs.GameLogger logInfo
INFO: Игра начата
мая 24, 2025 7:34:26 AM logs.GameLogger logInfo
INFO: Игра начата
мая 24, 2025 7:34:43 AM logs.GameLogger logInfo
INFO: Игра начата
мая 24, 2025 7:39:44 AM logs.GameLogger logInfo
INFO: Игра начата
мая 24, 2025 7:42:09 AM logs.GameLogger logInfo
INFO: Игра начата
мая 24, 2025 7:42:34 AM logs.GameLogger logInfo
INFO: Начало сражения
мая 24, 2025 7:43:05 AM logs.GameLogger logInfo
INFO: Начало сражения
мая 24, 2025 7:44:46 AM logs.GameLogger logInfo
INFO: Игра начата
мая 24, 2025 7:45:18 AM logs.GameLogger logInfo
INFO: Начало сражения
мая 24, 2025 7:47:26 AM logs.GameLogger logInfo
INFO: Игра начата
мая 24, 2025 7:47:57 AM logs.GameLogger logInfo
INFO: Игра начата
мая 24, 2025 7:51:56 AM logs.GameLogger logInfo
INFO: Игра начата
мая 24, 2025 7:52:22 AM logs.GameLogger logInfo
INFO: Игра начата
мая 24, 2025 7:52:41 AM logs.GameLogger logInfo
INFO: Начало сражения
мая 24, 2025 7:58:53 AM logs.GameLogger logInfo
INFO: Игра начата
мая 24, 2025 7:59:22 AM logs.GameLogger logInfo
INFO: Начало сражения
мая 24, 2025 8:09:44 AM logs.GameLogger logInfo
INFO: Игра начата
мая 24, 2025 8:10:08 AM logs.GameLogger logInfo
INFO: Начало сражения
мая 24, 2025 8:15:02 AM logs.GameLogger logInfo
INFO: Игра начата
мая 24, 2025 8:16:05 AM logs.GameLogger logInfo
INFO: Игра начата
мая 24, 2025 8:18:35 AM logs.GameLogger logInfo
INFO: Игра начата
мая 24, 2025 8:20:50 AM logs.GameLogger logInfo
INFO: Игра начата
мая 24, 2025 8:21:14 AM logs.GameLogger logInfo
INFO: Начало сражения
мая 24, 2025 8:21:44 AM logs.GameLogger logInfo
INFO: Начало сражения
мая 24, 2025 8:59:33 AM logs.GameLogger logInfo
INFO: Игра начата
мая 24, 2025 9:27:01 AM logs.GameLogger logInfo
INFO: Игра начата
мая 24, 2025 9:33:39 AM logs.GameLogger logInfo
INFO: Игра начата
мая 24, 2025 9:34:20 AM logs.GameLogger logInfo
INFO: Игра начата
мая 24, 2025 9:34:43 AM logs.GameLogger logInfo
INFO: Игра начата
мая 24, 2025 9:36:15 AM logs.GameLogger logInfo
INFO: Игра начата
мая 24, 2025 9:39:32 AM logs.GameLogger logInfo
INFO: Игра начата
мая 24, 2025 9:39:46 AM logs.GameLogger logInfo
INFO: Игра начата
мая 24, 2025 9:40:09 AM logs.GameLogger logInfo
INFO: Игра начата
мая 24, 2025 9:42:09 AM logs.GameLogger logInfo
INFO: Игра начата
мая 24, 2025 9:43:02 AM logs.GameLogger logInfo
INFO: Начало сражения
мая 30, 2025 11:35:00 PM logs.GameLogger logInfo
INFO: Игра начата
мая 30, 2025 11:35:20 PM logs.GameLogger logInfo
INFO: Начало сражения
мая 30, 2025 11:36:14 PM logs.GameLogger logInfo
INFO: Начало сражения
мая 31, 2025 9:21:17 AM logs.GameLogger logInfo
INFO: Игра начата
мая 31, 2025 9:22:57 AM logs.GameLogger logInfo
INFO: Игра начата
мая 31, 2025 9:38:11 AM logs.GameLogger logInfo
INFO: Игра начата
мая 31, 2025 9:38:28 AM logs.GameLogger logInfo
INFO: Игра начата
мая 31, 2025 9:46:05 AM logs.GameLogger logInfo
INFO: Игра начата
мая 31, 2025 2:22:39 PM logs.GameLogger logInfo
INFO: Игра начата
мая 31, 2025 2:22:55 PM logs.GameLogger logInfo
INFO: Начало сражения
мая 31, 2025 2:24:32 PM logs.GameLogger logInfo
INFO: Начало сражения
мая 31, 2025 2:30:59 PM logs.GameLogger logInfo
INFO: Игра начата
мая 31, 2025 2:33:24 PM logs.GameLogger logInfo
INFO: Игра начата
мая 31, 2025 2:36:07 PM logs.GameLogger logInfo
INFO: Игра начата
мая 31, 2025 2:36:33 PM logs.GameLogger logInfo
INFO: Игра начата
мая 31, 2025 2:37:16 PM logs.GameLogger logInfo
INFO: Игра начата
июн. 02, 2025 6:00:53 AM logs.GameLogger logInfo
INFO: Игра начата
июн. 02, 2025 6:01:01 AM logs.GameLogger logWarning
WARNING: Пользователь попытался воскресить юнита, хотя у него нет умерших юнитов
июн. 02, 2025 6:05:02 AM logs.GameLogger logInfo
INFO: Игра начата
июн. 02, 2025 6:05:05 AM logs.GameLogger logWarning
WARNING: Пользователь попытался воскресить юнита, хотя у него нет умерших юнитов
июн. 02, 2025 6:05:19 AM logs.GameLogger logWarning
WARNING: Пользователь попытался воскресить юнита, хотя у него нет умерших юнитов
июн. 02, 2025 6:10:17 AM logs.GameLogger logInfo
INFO: Игра начата
июн. 02, 2025 6:13:01 AM logs.GameLogger logInfo
INFO: Игра начата
июн. 02, 2025 6:13:08 AM logs.GameLogger logInfo
INFO: Игра начата
июн. 02, 2025 6:13:18 AM logs.GameLogger logInfo
INFO: Игра начата
июн. 02, 2025 6:13:34 AM logs.GameLogger logInfo
INFO: Игра начата
июн. 02, 2025 6:17:30 AM logs.GameLogger logInfo
INFO: Игра начата
июн. 02, 2025 6:18:08 AM logs.GameLogger logWarning
WARNING: Пользователь попытался воскресить юнита, хотя у него нет умерших юнитов
июн. 02, 2025 6:23:15 AM logs.GameLogger logInfo
INFO: Игра начата
июн. 02, 2025 6:23:59 AM logs.GameLogger logInfo
INFO: Игра начата
июн. 02, 2025 6:25:01 AM logs.GameLogger logInfo
INFO: Игра начата
июн. 02, 2025 6:27:56 AM logs.GameLogger logInfo
INFO: Игра начата
июн. 02, 2025 6:28:01 AM logs.GameLogger logInfo
INFO: Игра начата
июн. 02, 2025 6:28:21 AM logs.GameLogger logInfo
INFO: Игра начата
июн. 02, 2025 6:31:47 AM logs.GameLogger logInfo
INFO: Игра начата
июн. 02, 2025 6:33:46 AM logs.GameLogger logInfo
INFO: Игра начата
июн. 02, 2025 6:40:37 AM logs.GameLogger logInfo
INFO: Игра начата
июн. 02, 2025 6:40:37 AM logs.GameLogger logError
SEVERE: Ошибка при запуске игры: Cannot invoke "laba_1.model.buildings.Castle.getDiscontent()" because the return value of "laba_1.model.Player.getCastle()" is null
июн. 02, 2025 6:41:57 AM logs.GameLogger logInfo
INFO: Игра начата
июн. 02, 2025 6:43:58 AM logs.GameLogger logInfo
INFO: Игра начата
июн. 02, 2025 6:46:22 AM logs.GameLogger logInfo
INFO: Игра начата
июн. 02, 2025 6:47:18 AM logs.GameLogger logInfo
INFO: Игра начата
июн. 02, 2025 6:47:38 AM logs.GameLogger logInfo
INFO: Игра начата
июн. 02, 2025 6:48:10 AM logs.GameLogger logInfo
INFO: Начало сражения
июн. 02, 2025 6:50:59 AM logs.GameLogger logInfo
INFO: Игра начата
июн. 02, 2025 6:51:20 AM logs.GameLogger logInfo
INFO: Игра начата
июн. 02, 2025 6:51:34 AM logs.GameLogger logInfo
INFO: Начало сражения
июн. 02, 2025 6:52:17 AM logs.GameLogger logInfo
INFO: Игра начата
июн. 02, 2025 6:52:32 AM logs.GameLogger logInfo
INFO: Начало сражения
июн. 02, 2025 6:54:42 AM logs.GameLogger logInfo
INFO: Игра начата
июн. 02, 2025 6:54:46 AM logs.GameLogger logInfo
INFO: Начало сражения
июн. 02, 2025 6:56:56 AM logs.GameLogger logInfo
INFO: Игра начата
июн. 02, 2025 6:57:00 AM logs.GameLogger logInfo
INFO: Начало сражения
июн. 02, 2025 6:58:10 AM logs.GameLogger logInfo
INFO: Игра начата
июн. 02, 2025 6:58:23 AM logs.GameLogger logInfo
INFO: Начало сражения
июн. 02, 2025 6:59:50 AM logs.GameLogger logInfo
INFO: Игра начата
июн. 02, 2025 7:00:15 AM logs.GameLogger logInfo
INFO: Игра начата
июн. 02, 2025 7:00:20 AM logs.GameLogger logInfo
INFO: Начало сражения
июн. 02, 2025 7:00:39 AM logs.GameLogger logError
SEVERE: Ошибка в битве: Cannot invoke "java.util.List.add(Object)" because "this.dead_army" is null
июн. 02, 2025 7:05:50 AM logs.GameLogger logInfo
INFO: Игра начата
июн. 02, 2025 7:05:54 AM logs.GameLogger logInfo
INFO: Начало сражения
июн. 02, 2025 9:29:04 AM logs.GameLogger logInfo
INFO: Игра начата
июн. 02, 2025 9:29:42 AM logs.GameLogger logInfo
INFO: Игра начата
июн. 02, 2025 9:31:48 AM logs.GameLogger logInfo
INFO: Игра начата
июн. 02, 2025 9:33:11 AM logs.GameLogger logInfo
INFO: Игра начата
июн. 10, 2025 10:08:01 PM logs.GameLogger logInfo
INFO: Игра начата
июн. 10, 2025 10:12:04 PM logs.GameLogger logInfo
INFO: Игра начата
июн. 10, 2025 10:46:18 PM logs.GameLogger logInfo
INFO: Игра начата
июн. 10, 2025 10:47:16 PM logs.GameLogger logInfo
INFO: Игра начата
июн. 10, 2025 10:47:25 PM logs.GameLogger logInfo
INFO: Игра начата
июн. 10, 2025 10:49:38 PM logs.GameLogger logInfo
INFO: Игра начата
июн. 10, 2025 10:50:10 PM logs.GameLogger logInfo
INFO: Игра начата
июн. 11, 2025 10:53:30 AM logs.GameLogger logInfo
INFO: Игра начата
июн. 11, 2025 10:58:59 AM logs.GameLogger logInfo
INFO: Игра начата
июн. 11, 2025 11:01:09 AM logs.GameLogger logInfo
INFO: Игра начата
июн. 11, 2025 11:02:22 AM logs.GameLogger logInfo
INFO: Игра начата
июн. 11, 2025 11:03:28 AM logs.GameLogger logInfo
INFO: Игра начата
июн. 11, 2025 11:04:36 AM logs.GameLogger logInfo
INFO: Игра начата
июн. 11, 2025 11:10:18 AM logs.GameLogger logInfo
INFO: Игра начата
июн. 11, 2025 11:10:31 AM logs.GameLogger logError
SEVERE: Ошибка при запуске игры: null
июн. 11, 2025 11:11:17 AM logs.GameLogger logInfo
INFO: Игра начата
июн. 11, 2025 11:15:22 AM logs.GameLogger logInfo
INFO: Игра начата
июн. 11, 2025 11:16:02 AM logs.GameLogger logInfo
INFO: Игра начата
июн. 11, 2025 11:16:29 AM logs.GameLogger logError
SEVERE: Ошибка при запуске игры: null
июн. 16, 2025 1:24:25 AM logs.GameLogger logInfo
INFO: Игра начата
июн. 16, 2025 1:24:54 AM logs.GameLogger logError
SEVERE: Ошибка при запуске игры: null
июн. 21, 2025 1:40:50 AM logs.GameLogger logInfo
INFO: Игра начата
июн. 21, 2025 1:42:04 AM logs.GameLogger logInfo
INFO: Игра начата
июн. 21, 2025 1:42:23 AM logs.GameLogger logWarning
WARNING: Пользователь попытался воскресить юнита, хотя у него нет умерших юнитов
июн. 21, 2025 1:42:26 AM logs.GameLogger logWarning
WARNING: Пользователь попытался воскресить юнита, хотя у него нет умерших юнитов
июн. 21, 2025 1:42:27 AM logs.GameLogger logWarning
WARNING: Пользователь попытался воскресить юнита, хотя у него нет умерших юнитов
июн. 21, 2025 1:42:28 AM logs.GameLogger logWarning
WARNING: Пользователь попытался воскресить юнита, хотя у него нет умерших юнитов
июн. 21, 2025 1:42:31 AM logs.GameLogger logError
SEVERE: Ошибка при запуске игры: null
июн. 21, 2025 1:45:45 AM logs.GameLogger logInfo
INFO: Игра начата
июн. 21, 2025 1:45:53 AM logs.GameLogger logWarning
WARNING: Пользователь попытался воскресить юнита, хотя у него нет умерших юнитов
июн. 21, 2025 1:45:54 AM logs.GameLogger logWarning
WARNING: Пользователь попытался воскресить юнита, хотя у него нет умерших юнитов
июн. 21, 2025 1:45:56 AM logs.GameLogger logWarning
WARNING: Пользователь попытался воскресить юнита, хотя у него нет умерших юнитов
июн. 21, 2025 1:45:58 AM logs.GameLogger logWarning
WARNING: Пользователь попытался воскресить юнита, хотя у него нет умерших юнитов
июн. 21, 2025 1:46:01 AM logs.GameLogger logError
SEVERE: Ошибка при запуске игры: null
июн. 21, 2025 1:47:39 AM logs.GameLogger logInfo
INFO: Игра начата
июн. 21, 2025 1:47:45 AM logs.GameLogger logWarning
WARNING: Пользователь попытался воскресить юнита, хотя у него нет умерших юнитов
июн. 21, 2025 1:47:46 AM logs.GameLogger logWarning
WARNING: Пользователь попытался воскресить юнита, хотя у него нет умерших юнитов
июн. 21, 2025 1:47:47 AM logs.GameLogger logWarning
WARNING: Пользователь попытался воскресить юнита, хотя у него нет умерших юнитов
июн. 21, 2025 1:47:49 AM logs.GameLogger logWarning
WARNING: Пользователь попытался воскресить юнита, хотя у него нет умерших юнитов
июн. 21, 2025 1:47:53 AM logs.GameLogger logError
SEVERE: Ошибка при запуске игры: null
июн. 21, 2025 1:51:39 AM logs.GameLogger logInfo
INFO: Игра начата
июн. 21, 2025 1:51:44 AM logs.GameLogger logInfo
INFO: Игра начата
июн. 21, 2025 1:51:55 AM logs.GameLogger logWarning
WARNING: Пользователь попытался воскресить юнита, хотя у него нет умерших юнитов
июн. 21, 2025 1:51:56 AM logs.GameLogger logWarning
WARNING: Пользователь попытался воскресить юнита, хотя у него нет умерших юнитов
июн. 21, 2025 1:51:58 AM logs.GameLogger logWarning
WARNING: Пользователь попытался воскресить юнита, хотя у него нет умерших юнитов
июн. 21, 2025 1:52:02 AM logs.GameLogger logWarning
WARNING: Пользователь попытался воскресить юнита, хотя у него нет умерших юнитов
июн. 21, 2025 1:52:05 AM logs.GameLogger logError
SEVERE: Ошибка при запуске игры: null
июн. 21, 2025 1:53:37 AM logs.GameLogger logInfo
INFO: Игра начата
июн. 21, 2025 1:53:46 AM logs.GameLogger logWarning
WARNING: Пользователь попытался воскресить юнита, хотя у него нет умерших юнитов
июн. 21, 2025 1:53:47 AM logs.GameLogger logWarning
WARNING: Пользователь попытался воскресить юнита, хотя у него нет умерших юнитов
июн. 21, 2025 1:53:48 AM logs.GameLogger logWarning
WARNING: Пользователь попытался воскресить юнита, хотя у него нет умерших юнитов
июн. 21, 2025 1:53:50 AM logs.GameLogger logWarning
WARNING: Пользователь попытался воскресить юнита, хотя у него нет умерших юнитов
июн. 21, 2025 1:55:27 AM logs.GameLogger logWarning
WARNING: Пользователь попытался воскресить юнита, хотя у него нет умерших юнитов
июн. 21, 2025 1:55:39 AM logs.GameLogger logWarning
WARNING: Пользователь попытался воскресить юнита, хотя у него нет умерших юнитов
июн. 21, 2025 1:55:48 AM logs.GameLogger logWarning
WARNING: Пользователь попытался воскресить юнита, хотя у него нет умерших юнитов
июн. 21, 2025 1:57:10 AM logs.GameLogger logWarning
WARNING: Пользователь попытался воскресить юнита, хотя у него нет умерших юнитов
июн. 21, 2025 1:57:12 AM logs.GameLogger logWarning
WARNING: Пользователь попытался воскресить юнита, хотя у него нет умерших юнитов
июн. 21, 2025 1:58:01 AM logs.GameLogger logInfo
INFO: Игра начата
июн. 21, 2025 2:02:52 AM logs.GameLogger logInfo
INFO: Игра начата
июн. 21, 2025 2:05:26 AM logs.GameLogger logInfo
INFO: Игра начата
июн. 21, 2025 6:01:42 AM logs.GameLogger logInfo
INFO: Игра начата
июн. 21, 2025 6:03:22 AM logs.GameLogger logInfo
INFO: Игра начата
июн. 21, 2025 6:04:56 AM logs.GameLogger logInfo
INFO: Начало сражения
июн. 21, 2025 6:07:59 AM logs.GameLogger logInfo
INFO: Игра начата
июн. 21, 2025 6:08:27 AM logs.GameLogger logInfo
INFO: Начало сражения
июн. 21, 2025 10:45:15 AM logs.GameLogger logInfo
INFO: Игра начата
июн. 21, 2025 10:52:18 AM logs.GameLogger logInfo
INFO: Игра начата
июн. 21, 2025 10:52:47 AM logs.GameLogger logInfo
INFO: Игра начата
июн. 21, 2025 10:55:38 AM logs.GameLogger logInfo
INFO: Игра начата
июн. 21, 2025 10:58:19 AM logs.GameLogger logInfo
INFO: Игра начата
июн. 21, 2025 10:59:16 AM logs.GameLogger logInfo
INFO: Игра начата
июн. 21, 2025 11:00:17 AM logs.GameLogger logInfo
INFO: Игра начата
июн. 21, 2025 12:38:35 PM logs.GameLogger logInfo
INFO: Игра начата
июн. 21, 2025 12:39:02 PM logs.GameLogger logInfo
INFO: Игра начата
июн. 21, 2025 12:39:24 PM logs.GameLogger logWarning
WARNING: Пользователь ввёл неверный пункт меню.
июн. 21, 2025 12:39:40 PM logs.GameLogger logInfo
INFO: Начало сражения
июн. 28, 2025 5:21:42 AM logs.GameLogger logInfo
INFO: Игра начата
июн. 28, 2025 5:26:24 AM logs.GameLogger logInfo
INFO: Игра начата
июн. 28, 2025 5:28:14 AM logs.GameLogger logInfo
INFO: Игра начата
июн. 28, 2025 5:30:27 AM logs.GameLogger logInfo
INFO: Игра начата
июн. 28, 2025 5:36:26 AM logs.GameLogger logInfo
INFO: Игра начата
июн. 28, 2025 5:42:55 AM logs.GameLogger logInfo
INFO: Игра начата
июн. 28, 2025 5:47:27 AM logs.GameLogger logInfo
INFO: Игра начата
июн. 28, 2025 5:49:00 AM logs.GameLogger logInfo
INFO: Игра начата
июн. 28, 2025 5:51:03 AM logs.GameLogger logInfo
INFO: Игра начата
июн. 28, 2025 5:51:23 AM logs.GameLogger logInfo
INFO: Игра начата
июн. 28, 2025 5:53:18 AM logs.GameLogger logInfo
INFO: Игра начата
июн. 28, 2025 5:55:29 AM logs.GameLogger logInfo
INFO: Игра начата
июн. 28, 2025 5:57:25 AM logs.GameLogger logInfo
INFO: Игра начата
июн. 28, 2025 5:58:26 AM logs.GameLogger logWarning
WARNING: Пользователь попытался воскресить юнита, хотя у него нет умерших юнитов
июн. 28, 2025 5:59:12 AM logs.GameLogger logWarning
WARNING: Пользователь попытался воскресить юнита, хотя у него нет умерших юнитов
июн. 28, 2025 5:59:14 AM logs.GameLogger logWarning
WARNING: Пользователь попытался воскресить юнита, хотя у него нет умерших юнитов
июн. 28, 2025 5:59:15 AM logs.GameLogger logWarning
WARNING: Пользователь попытался воскресить юнита, хотя у него нет умерших юнитов
июн. 28, 2025 6:05:40 AM logs.GameLogger logInfo
INFO: Игра начата
июн. 28, 2025 6:06:02 AM logs.GameLogger logWarning
WARNING: Пользователь попытался воскресить юнита, хотя у него нет умерших юнитов
июн. 28, 2025 6:06:03 AM logs.GameLogger logWarning
WARNING: Пользователь попытался воскресить юнита, хотя у него нет умерших юнитов
июн. 28, 2025 6:06:05 AM logs.GameLogger logWarning
WARNING: Пользователь попытался воскресить юнита, хотя у него нет умерших юнитов
июн. 28, 2025 6:06:06 AM logs.GameLogger logWarning
WARNING: Пользователь попытался воскресить юнита, хотя у него нет умерших юнитов
июн. 28, 2025 6:08:56 AM logs.GameLogger logInfo
INFO: Игра начата
июн. 28, 2025 6:09:26 AM logs.GameLogger logWarning
WARNING: Пользователь попытался воскресить юнита, хотя у него нет умерших юнитов
июн. 28, 2025 6:09:27 AM logs.GameLogger logWarning
WARNING: Пользователь попытался воскресить юнита, хотя у него нет умерших юнитов
июн. 28, 2025 6:09:28 AM logs.GameLogger logWarning
WARNING: Пользователь попытался воскресить юнита, хотя у него нет умерших юнитов
июн. 28, 2025 6:09:30 AM logs.GameLogger logWarning
WARNING: Пользователь попытался воскресить юнита, хотя у него нет умерших юнитов
июн. 28, 2025 6:11:23 AM logs.GameLogger logInfo
INFO: Игра начата
июн. 28, 2025 6:13:42 AM logs.GameLogger logInfo
INFO: Игра начата
июн. 28, 2025 6:14:02 AM logs.GameLogger logWarning
WARNING: Пользователь попытался воскресить юнита, хотя у него нет умерших юнитов
июн. 28, 2025 6:14:03 AM logs.GameLogger logWarning
WARNING: Пользователь попытался воскресить юнита, хотя у него нет умерших юнитов
июн. 28, 2025 6:14:05 AM logs.GameLogger logWarning
WARNING: Пользователь попытался воскресить юнита, хотя у него нет умерших юнитов
июн. 28, 2025 6:14:09 AM logs.GameLogger logWarning
WARNING: Пользователь попытался воскресить юнита, хотя у него нет умерших юнитов
июн. 28, 2025 6:16:42 AM logs.GameLogger logInfo
INFO: Игра начата
июн. 28, 2025 6:16:51 AM logs.GameLogger logWarning
WARNING: Пользователь попытался воскресить юнита, хотя у него нет умерших юнитов
июн. 28, 2025 6:16:53 AM logs.GameLogger logWarning
WARNING: Пользователь попытался воскресить юнита, хотя у него нет умерших юнитов
июн. 28, 2025 6:16:54 AM logs.GameLogger logWarning
WARNING: Пользователь попытался воскресить юнита, хотя у него нет умерших юнитов
июн. 28, 2025 6:16:57 AM logs.GameLogger logWarning
WARNING: Пользователь попытался воскресить юнита, хотя у него нет умерших юнитов
июн. 28, 2025 6:22:38 AM logs.GameLogger logInfo
INFO: Игра начата
июн. 28, 2025 6:23:11 AM logs.GameLogger logInfo
INFO: Игра начата
июн. 28, 2025 6:23:21 AM logs.GameLogger logWarning
WARNING: Пользователь попытался воскресить юнита, хотя у него нет умерших юнитов
июн. 28, 2025 6:23:23 AM logs.GameLogger logWarning
WARNING: Пользователь попытался воскресить юнита, хотя у него нет умерших юнитов
июн. 28, 2025 6:23:24 AM logs.GameLogger logWarning
WARNING: Пользователь попытался воскресить юнита, хотя у него нет умерших юнитов
июн. 28, 2025 6:23:25 AM logs.GameLogger logWarning
WARNING: Пользователь попытался воскресить юнита, хотя у него нет умерших юнитов
июн. 28, 2025 6:24:11 AM logs.GameLogger logWarning
WARNING: Пользователь попытался воскресить юнита, хотя у него нет умерших юнитов
июн. 28, 2025 6:28:19 AM logs.GameLogger logInfo
INFO: Игра начата
июн. 28, 2025 6:29:28 AM logs.GameLogger logInfo
INFO: Игра начата
июн. 28, 2025 6:29:36 AM logs.GameLogger logWarning
WARNING: Пользователь попытался воскресить юнита, хотя у него нет умерших юнитов
июн. 28, 2025 6:29:37 AM logs.GameLogger logWarning
WARNING: Пользователь попытался воскресить юнита, хотя у него нет умерших юнитов
июн. 28, 2025 6:29:38 AM logs.GameLogger logWarning
WARNING: Пользователь попытался воскресить юнита, хотя у него нет умерших юнитов
июн. 28, 2025 6:29:39 AM logs.GameLogger logWarning
WARNING: Пользователь попытался воскресить юнита, хотя у него нет умерших юнитов
июн. 28, 2025 6:30:50 AM logs.GameLogger logInfo
INFO: Игра начата
июн. 28, 2025 6:30:58 AM logs.GameLogger logWarning
WARNING: Пользователь попытался воскресить юнита, хотя у него нет умерших юнитов
июн. 28, 2025 6:30:59 AM logs.GameLogger logWarning
WARNING: Пользователь попытался воскресить юнита, хотя у него нет умерших юнитов
июн. 28, 2025 6:31:00 AM logs.GameLogger logWarning
WARNING: Пользователь попытался воскресить юнита, хотя у него нет умерших юнитов
июн. 28, 2025 6:31:02 AM logs.GameLogger logWarning
WARNING: Пользователь попытался воскресить юнита, хотя у него нет умерших юнитов
июн. 28, 2025 6:32:10 AM logs.GameLogger logInfo
INFO: Игра начата
июн. 28, 2025 6:32:20 AM logs.GameLogger logWarning
WARNING: Пользователь попытался воскресить юнита, хотя у него нет умерших юнитов
июн. 28, 2025 6:32:21 AM logs.GameLogger logWarning
WARNING: Пользователь попытался воскресить юнита, хотя у него нет умерших юнитов
июн. 28, 2025 6:32:24 AM logs.GameLogger logWarning
WARNING: Пользователь попытался воскресить юнита, хотя у него нет умерших юнитов
июн. 28, 2025 6:33:07 AM logs.GameLogger logWarning
WARNING: Пользователь попытался воскресить юнита, хотя у него нет умерших юнитов
июн. 28, 2025 6:36:43 AM logs.GameLogger logInfo
INFO: Игра начата
июн. 28, 2025 6:36:52 AM logs.GameLogger logWarning
WARNING: Пользователь попытался воскресить юнита, хотя у него нет умерших юнитов
июн. 28, 2025 6:36:54 AM logs.GameLogger logWarning
WARNING: Пользователь попытался воскресить юнита, хотя у него нет умерших юнитов
июн. 28, 2025 6:36:55 AM logs.GameLogger logWarning
WARNING: Пользователь попытался воскресить юнита, хотя у него нет умерших юнитов
июн. 28, 2025 6:36:57 AM logs.GameLogger logWarning
WARNING: Пользователь попытался воскресить юнита, хотя у него нет умерших юнитов
июн. 28, 2025 6:39:28 AM logs.GameLogger logInfo
INFO: Игра начата
июн. 28, 2025 6:39:40 AM logs.GameLogger logWarning
WARNING: Пользователь попытался воскресить юнита, хотя у него нет умерших юнитов
июн. 28, 2025 6:39:41 AM logs.GameLogger logWarning
WARNING: Пользователь попытался воскресить юнита, хотя у него нет умерших юнитов
июн. 28, 2025 6:39:42 AM logs.GameLogger logWarning
WARNING: Пользователь попытался воскресить юнита, хотя у него нет умерших юнитов
июн. 28, 2025 6:39:43 AM logs.GameLogger logWarning
WARNING: Пользователь попытался воскресить юнита, хотя у него нет умерших юнитов
июн. 28, 2025 6:43:51 AM logs.GameLogger logInfo
INFO: Игра начата
июн. 28, 2025 6:44:13 AM logs.GameLogger logWarning
WARNING: Пользователь попытался воскресить юнита, хотя у него нет умерших юнитов
июн. 28, 2025 6:44:14 AM logs.GameLogger logWarning
WARNING: Пользователь попытался воскресить юнита, хотя у него нет умерших юнитов
июн. 28, 2025 6:44:15 AM logs.GameLogger logWarning
WARNING: Пользователь попытался воскресить юнита, хотя у него нет умерших юнитов
июн. 28, 2025 6:44:16 AM logs.GameLogger logWarning
WARNING: Пользователь попытался воскресить юнита, хотя у него нет умерших юнитов
июн. 28, 2025 6:45:28 AM logs.GameLogger logInfo
INFO: Игра начата
июн. 28, 2025 6:45:37 AM logs.GameLogger logWarning
WARNING: Пользователь попытался воскресить юнита, хотя у него нет умерших юнитов
июн. 28, 2025 6:45:38 AM logs.GameLogger logWarning
WARNING: Пользователь попытался воскресить юнита, хотя у него нет умерших юнитов
июн. 28, 2025 6:45:39 AM logs.GameLogger logWarning
WARNING: Пользователь попытался воскресить юнита, хотя у него нет умерших юнитов
июн. 28, 2025 6:45:41 AM logs.GameLogger logWarning
WARNING: Пользователь попытался воскресить юнита, хотя у него нет умерших юнитов
июн. 28, 2025 6:47:33 AM logs.GameLogger logInfo
INFO: Игра начата
июн. 28, 2025 6:49:53 AM logs.GameLogger logInfo
INFO: Игра начата
июн. 28, 2025 6:50:04 AM logs.GameLogger logWarning
WARNING: Пользователь попытался воскресить юнита, хотя у него нет умерших юнитов
июн. 28, 2025 6:50:05 AM logs.GameLogger logWarning
WARNING: Пользователь попытался воскресить юнита, хотя у него нет умерших юнитов
июн. 28, 2025 6:50:06 AM logs.GameLogger logWarning
WARNING: Пользователь попытался воскресить юнита, хотя у него нет умерших юнитов
июн. 28, 2025 6:50:07 AM logs.GameLogger logWarning
WARNING: Пользователь попытался воскресить юнита, хотя у него нет умерших юнитов
июн. 28, 2025 6:52:21 AM logs.GameLogger logInfo
INFO: Игра начата
июн. 28, 2025 6:52:36 AM logs.GameLogger logWarning
WARNING: Пользователь попытался воскресить юнита, хотя у него нет умерших юнитов
июн. 28, 2025 6:52:37 AM logs.GameLogger logWarning
WARNING: Пользователь попытался воскресить юнита, хотя у него нет умерших юнитов
июн. 28, 2025 6:52:38 AM logs.GameLogger logWarning
WARNING: Пользователь попытался воскресить юнита, хотя у него нет умерших юнитов
июн. 28, 2025 6:52:39 AM logs.GameLogger logWarning
WARNING: Пользователь попытался воскресить юнита, хотя у него нет умерших юнитов
июн. 28, 2025 6:54:23 AM logs.GameLogger logInfo
INFO: Игра начата
июн. 28, 2025 6:54:30 AM logs.GameLogger logWarning
WARNING: Пользователь попытался воскресить юнита, хотя у него нет умерших юнитов
июн. 28, 2025 6:54:31 AM logs.GameLogger logWarning
WARNING: Пользователь попытался воскресить юнита, хотя у него нет умерших юнитов
июн. 28, 2025 6:54:32 AM logs.GameLogger logWarning
WARNING: Пользователь попытался воскресить юнита, хотя у него нет умерших юнитов
июн. 28, 2025 6:54:35 AM logs.GameLogger logWarning
WARNING: Пользователь попытался воскресить юнита, хотя у него нет умерших юнитов
июн. 28, 2025 6:57:10 AM logs.GameLogger logInfo
INFO: Игра начата
июн. 28, 2025 6:57:20 AM logs.GameLogger logWarning
WARNING: Пользователь попытался воскресить юнита, хотя у него нет умерших юнитов
июн. 28, 2025 6:57:21 AM logs.GameLogger logWarning
WARNING: Пользователь попытался воскресить юнита, хотя у него нет умерших юнитов
июн. 28, 2025 6:57:23 AM logs.GameLogger logWarning
WARNING: Пользователь попытался воскресить юнита, хотя у него нет умерших юнитов
июн. 28, 2025 6:57:25 AM logs.GameLogger logWarning
WARNING: Пользователь попытался воскресить юнита, хотя у него нет умерших юнитов
июн. 28, 2025 6:59:12 AM logs.GameLogger logInfo
INFO: Игра начата
июн. 28, 2025 6:59:21 AM logs.GameLogger logWarning
WARNING: Пользователь попытался воскресить юнита, хотя у него нет умерших юнитов
июн. 28, 2025 6:59:22 AM logs.GameLogger logWarning
WARNING: Пользователь попытался воскресить юнита, хотя у него нет умерших юнитов
июн. 28, 2025 6:59:23 AM logs.GameLogger logWarning
WARNING: Пользователь попытался воскресить юнита, хотя у него нет умерших юнитов
июн. 28, 2025 6:59:25 AM logs.GameLogger logWarning
WARNING: Пользователь попытался воскресить юнита, хотя у него нет умерших юнитов
июн. 28, 2025 7:03:04 AM logs.GameLogger logInfo
INFO: Игра начата
июн. 28, 2025 7:07:46 AM logs.GameLogger logInfo
INFO: Игра начата
июн. 28, 2025 7:08:03 AM logs.GameLogger logWarning
WARNING: Пользователь попытался воскресить юнита, хотя у него нет умерших юнитов
июн. 28, 2025 7:08:04 AM logs.GameLogger logWarning
WARNING: Пользователь попытался воскресить юнита, хотя у него нет умерших юнитов
июн. 28, 2025 7:08:06 AM logs.GameLogger logWarning
WARNING: Пользователь попытался воскресить юнита, хотя у него нет умерших юнитов
июн. 28, 2025 7:08:08 AM logs.GameLogger logWarning
WARNING: Пользователь попытался воскресить юнита, хотя у него нет умерших юнитов
июн. 28, 2025 7:09:30 AM logs.GameLogger logInfo
INFO: Игра начата
июн. 28, 2025 7:14:40 AM logs.GameLogger logInfo
INFO: Игра начата
июн. 28, 2025 7:20:56 AM logs.GameLogger logInfo
INFO: Игра начата
июн. 28, 2025 7:21:20 AM logs.GameLogger logInfo
INFO: Игра начата
июн. 28, 2025 7:26:36 AM logs.GameLogger logInfo
INFO: Игра начата
июн. 28, 2025 7:32:32 AM logs.GameLogger logInfo
INFO: Игра начата
июн. 28, 2025 7:54:26 AM logs.GameLogger logInfo
INFO: Игра начата
июн. 28, 2025 7:57:30 AM logs.GameLogger logInfo
INFO: Игра начата
июн. 28, 2025 7:57:38 AM logs.GameLogger logInfo
INFO: Игра начата
июн. 28, 2025 7:58:33 AM logs.GameLogger logWarning
WARNING: Пользователь попытался воскресить юнита, хотя у него нет умерших юнитов
июн. 28, 2025 8:04:35 AM logs.GameLogger logInfo
INFO: Игра начата
июн. 28, 2025 8:13:04 AM logs.GameLogger logInfo
INFO: Игра начата
июн. 28, 2025 8:14:56 AM logs.GameLogger logError
SEVERE: Ошибка при запуске игры: null
июн. 28, 2025 8:17:41 AM logs.GameLogger logInfo
INFO: Игра начата
июн. 28, 2025 8:21:44 AM logs.GameLogger logInfo
INFO: Игра начата
июн. 28, 2025 8:26:34 AM logs.GameLogger logInfo
INFO: Игра начата
июн. 28, 2025 8:26:47 AM logs.GameLogger logInfo
INFO: Игра начата
июн. 28, 2025 8:27:03 AM logs.GameLogger logInfo
INFO: Игра начата
июн. 28, 2025 8:27:43 AM logs.GameLogger logInfo
INFO: Игра начата
июн. 28, 2025 8:37:18 AM logs.GameLogger logInfo
INFO: Игра начата
июн. 28, 2025 12:45:20 PM logs.GameLogger logInfo
INFO: Игра начата
июн. 28, 2025 12:47:02 PM logs.GameLogger logInfo
INFO: Игра начата
июн. 28, 2025 12:49:56 PM logs.GameLogger logInfo
INFO: Игра начата
июн. 28, 2025 12:50:06 PM logs.GameLogger logInfo
INFO: Игра начата
июн. 28, 2025 12:52:11 PM logs.GameLogger logInfo
INFO: Игра начата
июн. 28, 2025 12:56:36 PM logs.GameLogger logInfo
INFO: Игра начата
июн. 28, 2025 12:56:52 PM logs.GameLogger logError
SEVERE: Ошибка при запуске игры: null
июн. 28, 2025 12:57:29 PM logs.GameLogger logInfo
INFO: Игра начата
июн. 28, 2025 12:57:56 PM logs.GameLogger logError
SEVERE: Ошибка при запуске игры: null
июл. 05, 2025 10:29:42 AM logs.GameLogger logInfo
INFO: Игра начата
июл. 05, 2025 10:30:33 AM logs.GameLogger logInfo
INFO: Игра начата
июл. 05, 2025 12:25:19 PM logs.GameLogger logInfo
INFO: Игра начата
сент. 29, 2025 10:43:01 PM logs.GameLogger logInfo
INFO: Игра начата
сент. 29, 2025 10:44:34 PM logs.GameLogger logInfo
INFO: Начало сражения
февр. 13, 2026 5:06:32 PM logs.GameLogger logInfo
INFO: Игра начата
февр. 27, 2026 7:21:21 PM logs.GameLogger logInfo
INFO: Игра начата
февр. 28, 2026 3:39:29 AM logs.GameLogger logInfo
INFO: Игра начата
февр. 28, 2026 3:44:34 AM logs.GameLogger logInfo
INFO: Игра начата
февр. 28, 2026 3:44:44 AM logs.GameLogger logInfo
INFO: Начало сражения
февр. 28, 2026 3:49:51 AM logs.GameLogger logInfo
INFO: Игра начата
февр. 28, 2026 3:49:57 AM logs.GameLogger logInfo
INFO: Начало сражения
февр. 28, 2026 3:51:45 AM logs.GameLogger logInfo
INFO: Начало сражения
февр. 28, 2026 4:12:36 AM logs.GameLogger logInfo
INFO: Игра начата
февр. 28, 2026 4:12:48 AM logs.GameLogger logInfo
INFO: Игра начата
февр. 28, 2026 4:12:55 AM logs.GameLogger logInfo
INFO: Игра начата
февр. 28, 2026 4:14:00 AM logs.GameLogger logInfo
INFO: Начало сражения
февр. 28, 2026 4:16:10 AM logs.GameLogger logInfo
INFO: Игра начата
февр. 28, 2026 4:16:19 AM logs.GameLogger logInfo
INFO: Начало сражения
февр. 28, 2026 4:19:15 AM logs.GameLogger logInfo
INFO: Игра начата
февр. 28, 2026 4:20:02 AM logs.GameLogger logInfo
INFO: Начало сражения
февр. 28, 2026 4:50:27 AM logs.GameLogger logInfo
INFO: Игра начата
